[debug] [2026-07-24T06:18:21.825Z] ----------------------------------------------------------------------
[debug] [2026-07-24T06:18:21.831Z] Command:       C:\Program Files\nodejs\node.exe C:\Users\amitv\AppData\Roaming\npm\node_modules\firebase-tools\lib\bin\firebase.js emulators:start --only auth,database
[debug] [2026-07-24T06:18:21.832Z] CLI Version:   15.24.0
[debug] [2026-07-24T06:18:21.832Z] Platform:      win32
[debug] [2026-07-24T06:18:21.832Z] Node Version:  v25.2.1
[debug] [2026-07-24T06:18:21.833Z] Detected Agent: unknown
[debug] [2026-07-24T06:18:21.833Z] Time:          Fri Jul 24 2026 01:18:21 GMT-0500 (Central Daylight Time)
[debug] [2026-07-24T06:18:21.833Z] ----------------------------------------------------------------------
[debug] 
[debug] [2026-07-24T06:18:27.020Z] > command requires scopes: ["email","openid","https://www.googleapis.com/auth/cloudplatformprojects.readonly","https://www.googleapis.com/auth/firebase","https://www.googleapis.com/auth/cloud-platform"]
[debug] [2026-07-24T06:18:27.021Z] > authorizing via signed-in user (amit.vempati.123@gmail.com)
[debug] [2026-07-24T06:18:27.054Z] Could not find VSCode notification endpoint: TypeError: fetch failed. If you are not running the Firebase SQL Connect VSCode extension, this is expected and not an issue.
[info] i  emulators: Shutting down emulators. {"metadata":{"emulator":{"name":"hub"},"message":"Shutting down emulators."}}
[debug] [2026-07-24T06:18:27.058Z] Could not find VSCode notification endpoint: TypeError: fetch failed. If you are not running the Firebase SQL Connect VSCode extension, this is expected and not an issue.
[debug] [2026-07-24T06:18:27.156Z] Error: spawn java ENOENT
    at ChildProcess._handle.onexit (node:internal/child_process:285:19)
    at onErrorNT (node:internal/child_process:483:16)
    at process.processTicksAndRejections (node:internal/process/task_queues:89:21)
[error] 
[error] Error: Could not spawn `java -version`. Please make sure Java is installed and on your system PATH.
[debug] [2026-07-24T06:18:27.416Z] Error: EBUSY: resource busy or locked, unlink 'C:\Users\amitv\OneDrive\Desktop\Personal Projects\HourHero\firebase-debug.log'
    at Object.unlinkSync (node:fs:1918:11)
    at process.<anonymous> (C:\Users\amitv\AppData\Roaming\npm\node_modules\firebase-tools\lib\bin\cli.js:74:16)
    at process.emit (node:events:520:35)
    at process.exit (node:internal/process/per_thread:236:15)
    at Timeout._onTimeout (C:\Users\amitv\AppData\Roaming\npm\node_modules\firebase-tools\lib\errorOut.js:20:17)
    at listOnTimeout (node:internal/timers:605:17)
    at process.processTimers (node:internal/timers:541:7)
[error] 
[error] Error: An unexpected error has occurred.
